Word Count
  Please enter the word count : Service Level
  1) Advanced service
  2) Standard service
  3) Basic service
  Your choice : Delivery Time
  1) Economic
  2) Standard
  3) Fast
  4) Deadline
  Your choice : Proofreading fee --> 3400
[[===]]
Word Count
  Please enter the word count : Service Level
  1) Advanced service
  2) Standard service
  3) Basic service
  Your choice : Delivery Time
  1) Economic
  2) Standard
  3) Fast
  4) Deadline
  Your choice : Proofreading fee --> 3800
[[===]]
Word Count
  Please enter the word count : Service Level
  1) Advanced service
  2) Standard service
  3) Basic service
  Your choice : Delivery Time
  1) Economic
  2) Standard
  3) Fast
  4) Deadline
  Your choice : Proofreading fee --> 4200
[[===]]
Word Count
  Please enter the word count : Service Level
  1) Advanced service
  2) Standard service
  3) Basic service
  Your choice : Delivery Time
  1) Economic
  2) Standard
  3) Fast
  4) Deadline
  Your choice : Proofreading fee --> 4600
[[===]]
Word Count
  Please enter the word count : Service Level
  1) Advanced service
  2) Standard service
  3) Basic service
  Your choice : Delivery Time
  1) Economic
  2) Standard
  3) Fast
  4) Deadline
  Your choice : Proofreading fee --> 1400
[[===]]
Word Count
  Please enter the word count : Service Level
  1) Advanced service
  2) Standard service
  3) Basic service
  Your choice : Delivery Time
  1) Economic
  2) Standard
  3) Fast
  4) Deadline
  Your choice : Proofreading fee --> 2000
[[===]]
Word Count
  Please enter the word count : Service Level
  1) Advanced service
  2) Standard service
  3) Basic service
  Your choice : Delivery Time
  1) Economic
  2) Standard
  3) Fast
  4) Deadline
  Your choice : Proofreading fee --> 2300
[[===]]
Word Count
  Please enter the word count : Service Level
  1) Advanced service
  2) Standard service
  3) Basic service
  Your choice : Delivery Time
  1) Economic
  2) Standard
  3) Fast
  4) Deadline
  Your choice : Proofreading fee --> 2600
[[===]]
Word Count
  Please enter the word count : Service Level
  1) Advanced service
  2) Standard service
  3) Basic service
  Your choice : Delivery Time
  1) Economic
  2) Standard
  3) Fast
  4) Deadline
  Your choice : Proofreading fee --> 1100
[[===]]
Word Count
  Please enter the word count : Service Level
  1) Advanced service
  2) Standard service
  3) Basic service
  Your choice : Delivery Time
  1) Economic
  2) Standard
  3) Fast
  4) Deadline
  Your choice : Proofreading fee --> 1200
[[===]]
Word Count
  Please enter the word count : Service Level
  1) Advanced service
  2) Standard service
  3) Basic service
  Your choice : Delivery Time
  1) Economic
  2) Standard
  3) Fast
  4) Deadline
  Your choice : Proofreading fee --> 1500
[[===]]
Word Count
  Please enter the word count : Service Level
  1) Advanced service
  2) Standard service
  3) Basic service
  Your choice : Delivery Time
  1) Economic
  2) Standard
  3) Fast
  4) Deadline
  Your choice : Proofreading fee --> 2000
