Please enter a quadratic polynomial (a,b,c): Two distinct real roots.
[[===]]
Please enter a quadratic polynomial (a,b,c): One real root.
[[===]]
Please enter a quadratic polynomial (a,b,c): No real roots.
