From: To: Working Hours : 5 hours 30 mins.
[[===]]
From: To: Working Hours : 4219720 hours 0 mins.
[[===]]
From: To: Working Hours : 40 hours 0 mins.
[[===]]
From: To: Working Hours : 0 hours 0 mins.
[[===]]
From: To: Invalid Input: End Date is earlier than Start Date.
[[===]]
From: To: Working Hours : 16 hours 0 mins.
[[===]]
From: To: Working Hours : 40 hours 0 mins.
[[===]]
From: To: Working Hours : 1045640 hours 0 mins.
[[===]]
From: To: Working Hours : 7 hours 30 mins.
[[===]]
From: To: Working Hours : 3 hours 0 mins.
[[===]]
From: To: Working Hours : 3 hours 0 mins.
[[===]]
From: To: Working Hours : 0 hours 30 mins.
[[===]]
From: To: Working Hours : 0 hours 0 mins.
[[===]]
From: To: Working Hours : 0 hours 1 mins.
[[===]]
From: To: Working Hours : 0 hours 1 mins.
[[===]]
From: To: Working Hours : 1 hours 30 mins.
